{
  "id": 1,
  "title": "Gandalf Epic Sax Guy :)",
  "url": "https://vimeo.com/198392879",
  "authorName": "J055Y",
  "height": 360,
  "width": 640,
  "duration": 600,
  "tags": "azerty yep autre",
  "createdAt": "2021-01-15T09:18:48.919Z",
  "updatedAt": "2021-01-15T09:18:48.919Z"
}